==================================================
PAYON RESTRICTION RULES ù Unit Tests
==================================================
python : Traceback 
(most recent call 
last):
Au caractère Ligne:1 : 
1
+ python test_rules.py 
> test_output.txt 
2>&1; type 
test_output.txt
+ ~~~~~~~~~~~~~~~~~~~~~
~~~~~~~~~~~~~~~~~~~~~~
    + CategoryInfo     
         : NotSpecifi  
  ed: (Traceback (mo   
 st recent call las    
t)::String) [], Re    
moteException
    + FullyQualifiedEr 
   rorId : NativeComm  
  andError
 
  File "C:\Users\jacqu\
OneDrive\Documents\GitH
ub\sentinelle\sentinell
e\backend\test_rules.py
", line 228, in 
<module>
    
test_rule_odd_hour()
  File "C:\Users\jacqu\
OneDrive\Documents\GitH
ub\sentinelle\sentinell
e\backend\test_rules.py
", line 88, in 
test_rule_odd_hour
    
print("\n\U0001f539 
RULE_ODD_HOUR")
  File "C:\Users\jacqu\
AppData\Local\Programs\
Python\Python39\lib\enc
odings\cp1252.py", 
line 19, in encode
    return codecs.charm
ap_encode(input,self.er
rors,encoding_table)[0]
UnicodeEncodeError: 
'charmap' codec can't 
encode character 
'\U0001f539' in 
position 2: character 
maps to <undefined>
